Archive member included because of file (symbol)

c:/winavr/bin/../lib/gcc/avr/4.3.2/avr4\libgcc.a(_divmodqi4.o)
                              ssc_main.o (__divmodqi4)
c:/winavr/bin/../lib/gcc/avr/4.3.2/avr4\libgcc.a(_udivmodhi4.o)
                              avr_math.o (__udivmodhi4)
c:/winavr/bin/../lib/gcc/avr/4.3.2/avr4\libgcc.a(_exit.o)
                              c:/winavr/bin/../lib/gcc/avr/4.3.2/../../../../avr/lib/avr4/crtm8.o (exit)
c:/winavr/bin/../lib/gcc/avr/4.3.2/avr4\libgcc.a(_copy_data.o)
                              ssc_main.o (__do_copy_data)
c:/winavr/bin/../lib/gcc/avr/4.3.2/avr4\libgcc.a(_clear_bss.o)
                              ssc_main.o (__do_clear_bss)
c:/winavr/bin/../lib/gcc/avr/4.3.2/avr4\libgcc.a(_udivmodqi4.o)
                              c:/winavr/bin/../lib/gcc/avr/4.3.2/avr4\libgcc.a(_divmodqi4.o) (__udivmodqi4)
c:/winavr/bin/../lib/gcc/avr/4.3.2/../../../../avr/lib/avr4\libc.a(atoi.o)
                              ssc_main.o (atoi)
c:/winavr/bin/../lib/gcc/avr/4.3.2/../../../../avr/lib/avr4\libc.a(atol.o)
                              ssc_main.o (atol)
c:/winavr/bin/../lib/gcc/avr/4.3.2/../../../../avr/lib/avr4\libc.a(memcpy.o)
                              ssc_main.o (memcpy)
c:/winavr/bin/../lib/gcc/avr/4.3.2/../../../../avr/lib/avr4\libc.a(memset.o)
                              ssc_main.o (memset)
c:/winavr/bin/../lib/gcc/avr/4.3.2/../../../../avr/lib/avr4\libc.a(strcmp.o)
                              ssc_main.o (strcmp)
c:/winavr/bin/../lib/gcc/avr/4.3.2/../../../../avr/lib/avr4\libc.a(mulsi10.o)
                              c:/winavr/bin/../lib/gcc/avr/4.3.2/../../../../avr/lib/avr4\libc.a(atol.o) (__mulsi_const_10)
c:/winavr/bin/../lib/gcc/avr/4.3.2/../../../../avr/lib/avr4\libc.a(mul10.o)
                              c:/winavr/bin/../lib/gcc/avr/4.3.2/../../../../avr/lib/avr4\libc.a(atoi.o) (__mulhi_const_10)
c:/winavr/bin/../lib/gcc/avr/4.3.2/../../../../avr/lib/avr4\libc.a(iob.o)
                              ssc_main.o (__iob)
c:/winavr/bin/../lib/gcc/avr/4.3.2/../../../../avr/lib/avr4\libc.a(printf.o)
                              ssc_main.o (printf)
c:/winavr/bin/../lib/gcc/avr/4.3.2/../../../../avr/lib/avr4\libc.a(printf_p.o)
                              ssc_main.o (printf_P)
c:/winavr/bin/../lib/gcc/avr/4.3.2/../../../../avr/lib/avr4\libc.a(puts.o)
                              ssc_main.o (puts)
c:/winavr/bin/../lib/gcc/avr/4.3.2/../../../../avr/lib/avr4\libc.a(sscanf.o)
                              ssc_main.o (sscanf)
c:/winavr/bin/../lib/gcc/avr/4.3.2/../../../../avr/lib/avr4\libc.a(vfprintf_std.o)
                              c:/winavr/bin/../lib/gcc/avr/4.3.2/../../../../avr/lib/avr4\libc.a(printf.o) (vfprintf)
c:/winavr/bin/../lib/gcc/avr/4.3.2/../../../../avr/lib/avr4\libc.a(vfscanf_std.o)
                              c:/winavr/bin/../lib/gcc/avr/4.3.2/../../../../avr/lib/avr4\libc.a(sscanf.o) (vfscanf)
c:/winavr/bin/../lib/gcc/avr/4.3.2/../../../../avr/lib/avr4\libc.a(isspace.o)
                              c:/winavr/bin/../lib/gcc/avr/4.3.2/../../../../avr/lib/avr4\libc.a(vfscanf_std.o) (isspace)
c:/winavr/bin/../lib/gcc/avr/4.3.2/../../../../avr/lib/avr4\libc.a(strchr_P.o)
                              c:/winavr/bin/../lib/gcc/avr/4.3.2/../../../../avr/lib/avr4\libc.a(vfscanf_std.o) (strchr_P)
c:/winavr/bin/../lib/gcc/avr/4.3.2/../../../../avr/lib/avr4\libc.a(strnlen_P.o)
                              c:/winavr/bin/../lib/gcc/avr/4.3.2/../../../../avr/lib/avr4\libc.a(vfprintf_std.o) (strnlen_P)
c:/winavr/bin/../lib/gcc/avr/4.3.2/../../../../avr/lib/avr4\libc.a(strnlen.o)
                              c:/winavr/bin/../lib/gcc/avr/4.3.2/../../../../avr/lib/avr4\libc.a(vfprintf_std.o) (strnlen)
c:/winavr/bin/../lib/gcc/avr/4.3.2/../../../../avr/lib/avr4\libc.a(fgetc.o)
                              c:/winavr/bin/../lib/gcc/avr/4.3.2/../../../../avr/lib/avr4\libc.a(vfscanf_std.o) (fgetc)
c:/winavr/bin/../lib/gcc/avr/4.3.2/../../../../avr/lib/avr4\libc.a(fputc.o)
                              c:/winavr/bin/../lib/gcc/avr/4.3.2/../../../../avr/lib/avr4\libc.a(vfprintf_std.o) (fputc)
c:/winavr/bin/../lib/gcc/avr/4.3.2/../../../../avr/lib/avr4\libc.a(ungetc.o)
                              c:/winavr/bin/../lib/gcc/avr/4.3.2/../../../../avr/lib/avr4\libc.a(vfscanf_std.o) (ungetc)
c:/winavr/bin/../lib/gcc/avr/4.3.2/../../../../avr/lib/avr4\libc.a(ultoa_invert.o)
                              c:/winavr/bin/../lib/gcc/avr/4.3.2/../../../../avr/lib/avr4\libc.a(vfprintf_std.o) (__ultoa_invert)
c:/winavr/bin/../lib/gcc/avr/4.3.2/../../../../avr/lib/avr4\libc.a(cty_isfalse.o)
                              c:/winavr/bin/../lib/gcc/avr/4.3.2/../../../../avr/lib/avr4\libc.a(isspace.o) (__ctype_isfalse)
c:/winavr/bin/../lib/gcc/avr/4.3.2/avr4\libgcc.a(_prologue.o)
                              c:/winavr/bin/../lib/gcc/avr/4.3.2/../../../../avr/lib/avr4\libc.a(printf.o) (__prologue_saves__)
c:/winavr/bin/../lib/gcc/avr/4.3.2/avr4\libgcc.a(_epilogue.o)
                              c:/winavr/bin/../lib/gcc/avr/4.3.2/../../../../avr/lib/avr4\libc.a(printf.o) (__epilogue_restores__)

Allocating common symbols
Common symbol       size              file

__iob               0x6               c:/winavr/bin/../lib/gcc/avr/4.3.2/../../../../avr/lib/avr4\libc.a(iob.o)

Memory Configuration

Name             Origin             Length             Attributes
text             0x00000000         0x00002000         xr
data             0x00800060         0x0000ffa0         rw !x
eeprom           0x00810000         0x00010000         rw !x
fuse             0x00820000         0x00000400         rw !x
lock             0x00830000         0x00000400         rw !x
signature        0x00840000         0x00000400         rw !x
*default*        0x00000000         0xffffffff

Linker script and memory map

LOAD c:/winavr/bin/../lib/gcc/avr/4.3.2/../../../../avr/lib/avr4/crtm8.o
LOAD avr_uart.o
LOAD avr_math.o
LOAD ssc_main.o
LOAD avr_twi.o
LOAD c:/winavr/bin/../lib/gcc/avr/4.3.2/../../../../avr/lib/avr4\libm.a
LOAD c:/winavr/bin/../lib/gcc/avr/4.3.2/avr4\libgcc.a
LOAD c:/winavr/bin/../lib/gcc/avr/4.3.2/../../../../avr/lib/avr4\libc.a
LOAD c:/winavr/bin/../lib/gcc/avr/4.3.2/avr4\libgcc.a

.hash
 *(.hash)

.dynsym
 *(.dynsym)

.dynstr
 *(.dynstr)

.gnu.version
 *(.gnu.version)

.gnu.version_d
 *(.gnu.version_d)

.gnu.version_r
 *(.gnu.version_r)

.rel.init
 *(.rel.init)

.rela.init
 *(.rela.init)

.rel.text
 *(.rel.text)
 *(.rel.text.*)
 *(.rel.gnu.linkonce.t*)

.rela.text
 *(.rela.text)
 *(.rela.text.*)
 *(.rela.gnu.linkonce.t*)

.rel.fini
 *(.rel.fini)

.rela.fini
 *(.rela.fini)

.rel.rodata
 *(.rel.rodata)
 *(.rel.rodata.*)
 *(.rel.gnu.linkonce.r*)

.rela.rodata
 *(.rela.rodata)
 *(.rela.rodata.*)
 *(.rela.gnu.linkonce.r*)

.rel.data
 *(.rel.data)
 *(.rel.data.*)
 *(.rel.gnu.linkonce.d*)

.rela.data
 *(.rela.data)
 *(.rela.data.*)
 *(.rela.gnu.linkonce.d*)

.rel.ctors
 *(.rel.ctors)

.rela.ctors
 *(.rela.ctors)

.rel.dtors
 *(.rel.dtors)

.rela.dtors
 *(.rela.dtors)

.rel.got
 *(.rel.got)

.rela.got
 *(.rela.got)

.rel.bss
 *(.rel.bss)

.rela.bss
 *(.rela.bss)

.rel.plt
 *(.rel.plt)

.rela.plt
 *(.rela.plt)

.text           0x00000000     0x2448
 *(.vectors)
 .vectors       0x00000000       0x26 c:/winavr/bin/../lib/gcc/avr/4.3.2/../../../../avr/lib/avr4/crtm8.o
                0x00000000                __vectors
                0x00000000                __vector_default
 *(.vectors)
 *(.progmem.gcc*)
 *(.progmem*)
 .progmem.data  0x00000026       0x1b ssc_main.o
 .progmem.data  0x00000041        0xc c:/winavr/bin/../lib/gcc/avr/4.3.2/../../../../avr/lib/avr4\libc.a(vfscanf_std.o)
                0x0000004e                . = ALIGN (0x2)
 *fill*         0x0000004d        0x1 00
                0x0000004e                __trampolines_start = .
 *(.trampolines)
 .trampolines   0x0000004e        0x0 linker stubs
 *(.trampolines*)
                0x0000004e                __trampolines_end = .
 *(.jumptables)
 *(.jumptables*)
 *(.lowtext)
 *(.lowtext*)
                0x0000004e                __ctors_start = .
 *(.ctors)
                0x0000004e                __ctors_end = .
                0x0000004e                __dtors_start = .
 *(.dtors)
                0x0000004e                __dtors_end = .
 SORT(*)(.ctors)
 SORT(*)(.dtors)
 *(.init0)
 .init0         0x0000004e        0x0 c:/winavr/bin/../lib/gcc/avr/4.3.2/../../../../avr/lib/avr4/crtm8.o
                0x0000004e                __init
 *(.init0)
 *(.init1)
 *(.init1)
 *(.init2)
 .init2         0x0000004e        0xc c:/winavr/bin/../lib/gcc/avr/4.3.2/../../../../avr/lib/avr4/crtm8.o
 *(.init2)
 *(.init3)
 *(.init3)
 *(.init4)
 .init4         0x0000005a       0x16 c:/winavr/bin/../lib/gcc/avr/4.3.2/avr4\libgcc.a(_copy_data.o)
                0x0000005a                __do_copy_data
 .init4         0x00000070       0x10 c:/winavr/bin/../lib/gcc/avr/4.3.2/avr4\libgcc.a(_clear_bss.o)
                0x00000070                __do_clear_bss
 *(.init4)
 *(.init5)
 *(.init5)
 *(.init6)
 *(.init6)
 *(.init7)
 *(.init7)
 *(.init8)
 *(.init8)
 *(.init9)
 .init9         0x00000080        0x4 c:/winavr/bin/../lib/gcc/avr/4.3.2/../../../../avr/lib/avr4/crtm8.o
 *(.init9)
 *(.text)
 .text          0x00000084        0x2 c:/winavr/bin/../lib/gcc/avr/4.3.2/../../../../avr/lib/avr4/crtm8.o
                0x00000084                __vector_1
                0x00000084                __vector_12
                0x00000084                __bad_interrupt
                0x00000084                __vector_6
                0x00000084                __vector_3
                0x00000084                __vector_11
                0x00000084                __vector_13
                0x00000084                __vector_17
                0x00000084                __vector_7
                0x00000084                __vector_5
                0x00000084                __vector_4
                0x00000084                __vector_2
                0x00000084                __vector_15
                0x00000084                __vector_14
                0x00000084                __vector_10
                0x00000084                __vector_16
                0x00000084                __vector_18
 .text          0x00000086      0x13a avr_uart.o
                0x00000134                avr_uart_init
                0x000000c2                avr_uart_getchar
                0x00000086                avr_uart_putchar
                0x00000174                avr_uart_putc
                0x000001a2                avr_uart_getc
 .text          0x000001c0      0x164 avr_math.o
                0x000001c0                avr_math_maverage
 .text          0x00000324     0x10fc ssc_main.o
                0x0000125e                main
                0x00000eb6                __vector_9
                0x00000dd0                __vector_8
                0x00000c60                rtcmd_main_handle
 .text          0x00001420      0x2c0 avr_twi.o
                0x00001420                avr_cy2239x_init
                0x0000143c                avr_cy2239x_read_buffer
                0x000015c4                avr_cy2239x_write_buffer
 .text          0x000016e0        0x0 c:/winavr/bin/../lib/gcc/avr/4.3.2/avr4\libgcc.a(_divmodqi4.o)
 .text          0x000016e0        0x0 c:/winavr/bin/../lib/gcc/avr/4.3.2/avr4\libgcc.a(_udivmodhi4.o)
 .text          0x000016e0        0x0 c:/winavr/bin/../lib/gcc/avr/4.3.2/avr4\libgcc.a(_exit.o)
 .text          0x000016e0        0x0 c:/winavr/bin/../lib/gcc/avr/4.3.2/avr4\libgcc.a(_copy_data.o)
 .text          0x000016e0        0x0 c:/winavr/bin/../lib/gcc/avr/4.3.2/avr4\libgcc.a(_clear_bss.o)
 .text          0x000016e0        0x0 c:/winavr/bin/../lib/gcc/avr/4.3.2/avr4\libgcc.a(_udivmodqi4.o)
 .text          0x000016e0       0x3a c:/winavr/bin/../lib/gcc/avr/4.3.2/../../../../avr/lib/avr4\libc.a(atoi.o)
                0x000016e0                atoi
 .text          0x0000171a       0x4c c:/winavr/bin/../lib/gcc/avr/4.3.2/../../../../avr/lib/avr4\libc.a(atol.o)
                0x0000171a                atol
 .text          0x00001766       0x12 c:/winavr/bin/../lib/gcc/avr/4.3.2/../../../../avr/lib/avr4\libc.a(memcpy.o)
                0x00001766                memcpy
 .text          0x00001778        0xe c:/winavr/bin/../lib/gcc/avr/4.3.2/../../../../avr/lib/avr4\libc.a(memset.o)
                0x00001778                memset
 .text          0x00001786       0x12 c:/winavr/bin/../lib/gcc/avr/4.3.2/../../../../avr/lib/avr4\libc.a(strcmp.o)
                0x00001786                strcmp
 .text          0x00001798       0x2a c:/winavr/bin/../lib/gcc/avr/4.3.2/../../../../avr/lib/avr4\libc.a(mulsi10.o)
                0x00001798                __mulsi_const_10
 .text          0x000017c2       0x10 c:/winavr/bin/../lib/gcc/avr/4.3.2/../../../../avr/lib/avr4\libc.a(mul10.o)
                0x000017c2                __mulhi_const_10
 .text          0x000017d2        0x0 c:/winavr/bin/../lib/gcc/avr/4.3.2/../../../../avr/lib/avr4\libc.a(iob.o)
 .text          0x000017d2       0x24 c:/winavr/bin/../lib/gcc/avr/4.3.2/../../../../avr/lib/avr4\libc.a(printf.o)
                0x000017d2                printf
 .text          0x000017f6       0x46 c:/winavr/bin/../lib/gcc/avr/4.3.2/../../../../avr/lib/avr4\libc.a(printf_p.o)
                0x000017f6                printf_P
 .text          0x0000183c       0x6a c:/winavr/bin/../lib/gcc/avr/4.3.2/../../../../avr/lib/avr4\libc.a(puts.o)
                0x0000183c                puts
 .text          0x000018a6       0x2e c:/winavr/bin/../lib/gcc/avr/4.3.2/../../../../avr/lib/avr4\libc.a(sscanf.o)
                0x000018a6                sscanf
 .text          0x000018d4      0x39c c:/winavr/bin/../lib/gcc/avr/4.3.2/../../../../avr/lib/avr4\libc.a(vfprintf_std.o)
                0x000018d4                vfprintf
 .text          0x00001c70      0x4e8 c:/winavr/bin/../lib/gcc/avr/4.3.2/../../../../avr/lib/avr4\libc.a(vfscanf_std.o)
                0x00001f56                vfscanf
 .text          0x00002158        0x0 c:/winavr/bin/../lib/gcc/avr/4.3.2/../../../../avr/lib/avr4\libc.a(isspace.o)
 .text          0x00002158       0x16 c:/winavr/bin/../lib/gcc/avr/4.3.2/../../../../avr/lib/avr4\libc.a(strchr_P.o)
                0x00002158                strchr_P
 .text          0x0000216e       0x16 c:/winavr/bin/../lib/gcc/avr/4.3.2/../../../../avr/lib/avr4\libc.a(strnlen_P.o)
                0x0000216e                strnlen_P
 .text          0x00002184       0x16 c:/winavr/bin/../lib/gcc/avr/4.3.2/../../../../avr/lib/avr4\libc.a(strnlen.o)
                0x00002184                strnlen
 .text          0x0000219a       0x84 c:/winavr/bin/../lib/gcc/avr/4.3.2/../../../../avr/lib/avr4\libc.a(fgetc.o)
                0x0000219a                fgetc
 .text          0x0000221e       0x58 c:/winavr/bin/../lib/gcc/avr/4.3.2/../../../../avr/lib/avr4\libc.a(fputc.o)
                0x0000221e                fputc
 .text          0x00002276       0x34 c:/winavr/bin/../lib/gcc/avr/4.3.2/../../../../avr/lib/avr4\libc.a(ungetc.o)
                0x00002276                ungetc
 .text          0x000022aa       0xbc c:/winavr/bin/../lib/gcc/avr/4.3.2/../../../../avr/lib/avr4\libc.a(ultoa_invert.o)
                0x000022aa                __ultoa_invert
 .text          0x00002366        0x0 c:/winavr/bin/../lib/gcc/avr/4.3.2/../../../../avr/lib/avr4\libc.a(cty_isfalse.o)
 .text          0x00002366        0x0 c:/winavr/bin/../lib/gcc/avr/4.3.2/avr4\libgcc.a(_prologue.o)
 .text          0x00002366        0x0 c:/winavr/bin/../lib/gcc/avr/4.3.2/avr4\libgcc.a(_epilogue.o)
                0x00002366                . = ALIGN (0x2)
 *(.text.*)
 .text.libgcc   0x00002366       0x1a c:/winavr/bin/../lib/gcc/avr/4.3.2/avr4\libgcc.a(_divmodqi4.o)
                0x00002366                __divmodqi4
 .text.libgcc   0x00002380       0x28 c:/winavr/bin/../lib/gcc/avr/4.3.2/avr4\libgcc.a(_udivmodhi4.o)
                0x00002380                __udivmodhi4
 .text.libgcc   0x000023a8        0x0 c:/winavr/bin/../lib/gcc/avr/4.3.2/avr4\libgcc.a(_exit.o)
 .text.libgcc   0x000023a8        0x0 c:/winavr/bin/../lib/gcc/avr/4.3.2/avr4\libgcc.a(_copy_data.o)
 .text.libgcc   0x000023a8        0x0 c:/winavr/bin/../lib/gcc/avr/4.3.2/avr4\libgcc.a(_clear_bss.o)
 .text.libgcc   0x000023a8       0x18 c:/winavr/bin/../lib/gcc/avr/4.3.2/avr4\libgcc.a(_udivmodqi4.o)
                0x000023a8                __udivmodqi4
 .text.ctype    0x000023c0       0x10 c:/winavr/bin/../lib/gcc/avr/4.3.2/../../../../avr/lib/avr4\libc.a(isspace.o)
                0x000023c0                isspace
 .text.ctype    0x000023d0        0x6 c:/winavr/bin/../lib/gcc/avr/4.3.2/../../../../avr/lib/avr4\libc.a(cty_isfalse.o)
                0x000023d4                __ctype_istrue
                0x000023d0                __ctype_isfalse
 .text.libgcc   0x000023d6       0x38 c:/winavr/bin/../lib/gcc/avr/4.3.2/avr4\libgcc.a(_prologue.o)
                0x000023d6                __prologue_saves__
 .text.libgcc   0x0000240e       0x36 c:/winavr/bin/../lib/gcc/avr/4.3.2/avr4\libgcc.a(_epilogue.o)
                0x0000240e                __epilogue_restores__
                0x00002444                . = ALIGN (0x2)
 *(.fini9)
 .fini9         0x00002444        0x0 c:/winavr/bin/../lib/gcc/avr/4.3.2/avr4\libgcc.a(_exit.o)
                0x00002444                exit
                0x00002444                _exit
 *(.fini9)
 *(.fini8)
 *(.fini8)
 *(.fini7)
 *(.fini7)
 *(.fini6)
 *(.fini6)
 *(.fini5)
 *(.fini5)
 *(.fini4)
 *(.fini4)
 *(.fini3)
 *(.fini3)
 *(.fini2)
 *(.fini2)
 *(.fini1)
 *(.fini1)
 *(.fini0)
 .fini0         0x00002444        0x4 c:/winavr/bin/../lib/gcc/avr/4.3.2/avr4\libgcc.a(_exit.o)
 *(.fini0)
                0x00002448                _etext = .

.data           0x00800060       0xf2 load address 0x00002448
                0x00800060                PROVIDE (__data_start, .)
 *(.data)
 .data          0x00800060        0x0 c:/winavr/bin/../lib/gcc/avr/4.3.2/../../../../avr/lib/avr4/crtm8.o
 .data          0x00800060        0x0 avr_uart.o
 .data          0x00800060        0x0 avr_math.o
 .data          0x00800060       0xf2 ssc_main.o
                0x00800144                mystdout
 .data          0x00800152        0x0 avr_twi.o
 .data          0x00800152        0x0 c:/winavr/bin/../lib/gcc/avr/4.3.2/avr4\libgcc.a(_divmodqi4.o)
 .data          0x00800152        0x0 c:/winavr/bin/../lib/gcc/avr/4.3.2/avr4\libgcc.a(_udivmodhi4.o)
 .data          0x00800152        0x0 c:/winavr/bin/../lib/gcc/avr/4.3.2/avr4\libgcc.a(_exit.o)
 .data          0x00800152        0x0 c:/winavr/bin/../lib/gcc/avr/4.3.2/avr4\libgcc.a(_copy_data.o)
 .data          0x00800152        0x0 c:/winavr/bin/../lib/gcc/avr/4.3.2/avr4\libgcc.a(_clear_bss.o)
 .data          0x00800152        0x0 c:/winavr/bin/../lib/gcc/avr/4.3.2/avr4\libgcc.a(_udivmodqi4.o)
 .data          0x00800152        0x0 c:/winavr/bin/../lib/gcc/avr/4.3.2/../../../../avr/lib/avr4\libc.a(atoi.o)
 .data          0x00800152        0x0 c:/winavr/bin/../lib/gcc/avr/4.3.2/../../../../avr/lib/avr4\libc.a(atol.o)
 .data          0x00800152        0x0 c:/winavr/bin/../lib/gcc/avr/4.3.2/../../../../avr/lib/avr4\libc.a(memcpy.o)
 .data          0x00800152        0x0 c:/winavr/bin/../lib/gcc/avr/4.3.2/../../../../avr/lib/avr4\libc.a(memset.o)
 .data          0x00800152        0x0 c:/winavr/bin/../lib/gcc/avr/4.3.2/../../../../avr/lib/avr4\libc.a(strcmp.o)
 .data          0x00800152        0x0 c:/winavr/bin/../lib/gcc/avr/4.3.2/../../../../avr/lib/avr4\libc.a(mulsi10.o)
 .data          0x00800152        0x0 c:/winavr/bin/../lib/gcc/avr/4.3.2/../../../../avr/lib/avr4\libc.a(mul10.o)
 .data          0x00800152        0x0 c:/winavr/bin/../lib/gcc/avr/4.3.2/../../../../avr/lib/avr4\libc.a(iob.o)
 .data          0x00800152        0x0 c:/winavr/bin/../lib/gcc/avr/4.3.2/../../../../avr/lib/avr4\libc.a(printf.o)
 .data          0x00800152        0x0 c:/winavr/bin/../lib/gcc/avr/4.3.2/../../../../avr/lib/avr4\libc.a(printf_p.o)
 .data          0x00800152        0x0 c:/winavr/bin/../lib/gcc/avr/4.3.2/../../../../avr/lib/avr4\libc.a(puts.o)
 .data          0x00800152        0x0 c:/winavr/bin/../lib/gcc/avr/4.3.2/../../../../avr/lib/avr4\libc.a(sscanf.o)
 .data          0x00800152        0x0 c:/winavr/bin/../lib/gcc/avr/4.3.2/../../../../avr/lib/avr4\libc.a(vfprintf_std.o)
 .data          0x00800152        0x0 c:/winavr/bin/../lib/gcc/avr/4.3.2/../../../../avr/lib/avr4\libc.a(vfscanf_std.o)
 .data          0x00800152        0x0 c:/winavr/bin/../lib/gcc/avr/4.3.2/../../../../avr/lib/avr4\libc.a(isspace.o)
 .data          0x00800152        0x0 c:/winavr/bin/../lib/gcc/avr/4.3.2/../../../../avr/lib/avr4\libc.a(strchr_P.o)
 .data          0x00800152        0x0 c:/winavr/bin/../lib/gcc/avr/4.3.2/../../../../avr/lib/avr4\libc.a(strnlen_P.o)
 .data          0x00800152        0x0 c:/winavr/bin/../lib/gcc/avr/4.3.2/../../../../avr/lib/avr4\libc.a(strnlen.o)
 .data          0x00800152        0x0 c:/winavr/bin/../lib/gcc/avr/4.3.2/../../../../avr/lib/avr4\libc.a(fgetc.o)
 .data          0x00800152        0x0 c:/winavr/bin/../lib/gcc/avr/4.3.2/../../../../avr/lib/avr4\libc.a(fputc.o)
 .data          0x00800152        0x0 c:/winavr/bin/../lib/gcc/avr/4.3.2/../../../../avr/lib/avr4\libc.a(ungetc.o)
 .data          0x00800152        0x0 c:/winavr/bin/../lib/gcc/avr/4.3.2/../../../../avr/lib/avr4\libc.a(ultoa_invert.o)
 .data          0x00800152        0x0 c:/winavr/bin/../lib/gcc/avr/4.3.2/../../../../avr/lib/avr4\libc.a(cty_isfalse.o)
 .data          0x00800152        0x0 c:/winavr/bin/../lib/gcc/avr/4.3.2/avr4\libgcc.a(_prologue.o)
 .data          0x00800152        0x0 c:/winavr/bin/../lib/gcc/avr/4.3.2/avr4\libgcc.a(_epilogue.o)
 *(.data*)
 *(.rodata)
 *(.rodata*)
 *(.gnu.linkonce.d*)
                0x00800152                . = ALIGN (0x2)
                0x00800152                _edata = .
                0x00800152                PROVIDE (__data_end, .)

.bss            0x00800152       0x38
                0x00800152                PROVIDE (__bss_start, .)
 *(.bss)
 .bss           0x00800152        0x0 c:/winavr/bin/../lib/gcc/avr/4.3.2/../../../../avr/lib/avr4/crtm8.o
 .bss           0x00800152        0x0 avr_uart.o
 .bss           0x00800152        0x0 avr_math.o
 .bss           0x00800152       0x32 ssc_main.o
                0x00800152                reset
 .bss           0x00800184        0x0 avr_twi.o
 .bss           0x00800184        0x0 c:/winavr/bin/../lib/gcc/avr/4.3.2/avr4\libgcc.a(_divmodqi4.o)
 .bss           0x00800184        0x0 c:/winavr/bin/../lib/gcc/avr/4.3.2/avr4\libgcc.a(_udivmodhi4.o)
 .bss           0x00800184        0x0 c:/winavr/bin/../lib/gcc/avr/4.3.2/avr4\libgcc.a(_exit.o)
 .bss           0x00800184        0x0 c:/winavr/bin/../lib/gcc/avr/4.3.2/avr4\libgcc.a(_copy_data.o)
 .bss           0x00800184        0x0 c:/winavr/bin/../lib/gcc/avr/4.3.2/avr4\libgcc.a(_clear_bss.o)
 .bss           0x00800184        0x0 c:/winavr/bin/../lib/gcc/avr/4.3.2/avr4\libgcc.a(_udivmodqi4.o)
 .bss           0x00800184        0x0 c:/winavr/bin/../lib/gcc/avr/4.3.2/../../../../avr/lib/avr4\libc.a(atoi.o)
 .bss           0x00800184        0x0 c:/winavr/bin/../lib/gcc/avr/4.3.2/../../../../avr/lib/avr4\libc.a(atol.o)
 .bss           0x00800184        0x0 c:/winavr/bin/../lib/gcc/avr/4.3.2/../../../../avr/lib/avr4\libc.a(memcpy.o)
 .bss           0x00800184        0x0 c:/winavr/bin/../lib/gcc/avr/4.3.2/../../../../avr/lib/avr4\libc.a(memset.o)
 .bss           0x00800184        0x0 c:/winavr/bin/../lib/gcc/avr/4.3.2/../../../../avr/lib/avr4\libc.a(strcmp.o)
 .bss           0x00800184        0x0 c:/winavr/bin/../lib/gcc/avr/4.3.2/../../../../avr/lib/avr4\libc.a(mulsi10.o)
 .bss           0x00800184        0x0 c:/winavr/bin/../lib/gcc/avr/4.3.2/../../../../avr/lib/avr4\libc.a(mul10.o)
 .bss           0x00800184        0x0 c:/winavr/bin/../lib/gcc/avr/4.3.2/../../../../avr/lib/avr4\libc.a(iob.o)
 .bss           0x00800184        0x0 c:/winavr/bin/../lib/gcc/avr/4.3.2/../../../../avr/lib/avr4\libc.a(printf.o)
 .bss           0x00800184        0x0 c:/winavr/bin/../lib/gcc/avr/4.3.2/../../../../avr/lib/avr4\libc.a(printf_p.o)
 .bss           0x00800184        0x0 c:/winavr/bin/../lib/gcc/avr/4.3.2/../../../../avr/lib/avr4\libc.a(puts.o)
 .bss           0x00800184        0x0 c:/winavr/bin/../lib/gcc/avr/4.3.2/../../../../avr/lib/avr4\libc.a(sscanf.o)
 .bss           0x00800184        0x0 c:/winavr/bin/../lib/gcc/avr/4.3.2/../../../../avr/lib/avr4\libc.a(vfprintf_std.o)
 .bss           0x00800184        0x0 c:/winavr/bin/../lib/gcc/avr/4.3.2/../../../../avr/lib/avr4\libc.a(vfscanf_std.o)
 .bss           0x00800184        0x0 c:/winavr/bin/../lib/gcc/avr/4.3.2/../../../../avr/lib/avr4\libc.a(isspace.o)
 .bss           0x00800184        0x0 c:/winavr/bin/../lib/gcc/avr/4.3.2/../../../../avr/lib/avr4\libc.a(strchr_P.o)
 .bss           0x00800184        0x0 c:/winavr/bin/../lib/gcc/avr/4.3.2/../../../../avr/lib/avr4\libc.a(strnlen_P.o)
 .bss           0x00800184        0x0 c:/winavr/bin/../lib/gcc/avr/4.3.2/../../../../avr/lib/avr4\libc.a(strnlen.o)
 .bss           0x00800184        0x0 c:/winavr/bin/../lib/gcc/avr/4.3.2/../../../../avr/lib/avr4\libc.a(fgetc.o)
 .bss           0x00800184        0x0 c:/winavr/bin/../lib/gcc/avr/4.3.2/../../../../avr/lib/avr4\libc.a(fputc.o)
 .bss           0x00800184        0x0 c:/winavr/bin/../lib/gcc/avr/4.3.2/../../../../avr/lib/avr4\libc.a(ungetc.o)
 .bss           0x00800184        0x0 c:/winavr/bin/../lib/gcc/avr/4.3.2/../../../../avr/lib/avr4\libc.a(ultoa_invert.o)
 .bss           0x00800184        0x0 c:/winavr/bin/../lib/gcc/avr/4.3.2/../../../../avr/lib/avr4\libc.a(cty_isfalse.o)
 .bss           0x00800184        0x0 c:/winavr/bin/../lib/gcc/avr/4.3.2/avr4\libgcc.a(_prologue.o)
 .bss           0x00800184        0x0 c:/winavr/bin/../lib/gcc/avr/4.3.2/avr4\libgcc.a(_epilogue.o)
 *(.bss*)
 *(COMMON)
 COMMON         0x00800184        0x6 c:/winavr/bin/../lib/gcc/avr/4.3.2/../../../../avr/lib/avr4\libc.a(iob.o)
                0x00800184                __iob
                0x0080018a                PROVIDE (__bss_end, .)
                0x00002448                __data_load_start = LOADADDR (.data)
                0x0000253a                __data_load_end = (__data_load_start + SIZEOF (.data))

.noinit         0x0080018a        0x0
                0x0080018a                PROVIDE (__noinit_start, .)
 *(.noinit*)
                0x0080018a                PROVIDE (__noinit_end, .)
                0x0080018a                _end = .
                0x0080018a                PROVIDE (__heap_start, .)

.eeprom         0x00810000        0x2
 *(.eeprom*)
 .eeprom        0x00810000        0x2 ssc_main.o
                0x00810001                g_eprom_auto_run
                0x00810000                g_eprom_baud_ubrr
                0x00810002                __eeprom_end = .

.fuse
 *(.fuse)
 *(.lfuse)
 *(.hfuse)
 *(.efuse)

.lock
 *(.lock*)

.signature
 *(.signature*)

.stab           0x00000000     0x1d40
 *(.stab)
 .stab          0x00000000      0x51c avr_uart.o
 .stab          0x0000051c      0x2e8 avr_math.o
                                0x504 (size before relaxing)
 .stab          0x00000804     0x10bc ssc_main.o
                               0x12c0 (size before relaxing)
 .stab          0x000018c0      0x480 avr_twi.o
                                0x69c (size before relaxing)

.stabstr        0x00000000     0x13c4
 *(.stabstr)
 .stabstr       0x00000000     0x13c4 avr_uart.o

.stab.excl
 *(.stab.excl)

.stab.exclstr
 *(.stab.exclstr)

.stab.index
 *(.stab.index)

.stab.indexstr
 *(.stab.indexstr)

.comment
 *(.comment)

.debug
 *(.debug)

.line
 *(.line)

.debug_srcinfo
 *(.debug_srcinfo)

.debug_sfnames
 *(.debug_sfnames)

.debug_aranges
 *(.debug_aranges)

.debug_pubnames
 *(.debug_pubnames)

.debug_info
 *(.debug_info)
 *(.gnu.linkonce.wi.*)

.debug_abbrev
 *(.debug_abbrev)

.debug_line
 *(.debug_line)

.debug_frame
 *(.debug_frame)

.debug_str
 *(.debug_str)

.debug_loc
 *(.debug_loc)

.debug_macinfo
 *(.debug_macinfo)
OUTPUT(ssc_com.elf elf32-avr)
LOAD linker stubs

Cross Reference Table

Symbol                                            File
__bad_interrupt                                   c:/winavr/bin/../lib/gcc/avr/4.3.2/../../../../avr/lib/avr4/crtm8.o
__bss_end                                         c:/winavr/bin/../lib/gcc/avr/4.3.2/avr4\libgcc.a(_clear_bss.o)
__bss_start                                       c:/winavr/bin/../lib/gcc/avr/4.3.2/avr4\libgcc.a(_clear_bss.o)
__ctype_isfalse                                   c:/winavr/bin/../lib/gcc/avr/4.3.2/../../../../avr/lib/avr4\libc.a(cty_isfalse.o)
                                                  c:/winavr/bin/../lib/gcc/avr/4.3.2/../../../../avr/lib/avr4\libc.a(isspace.o)
__ctype_istrue                                    c:/winavr/bin/../lib/gcc/avr/4.3.2/../../../../avr/lib/avr4\libc.a(cty_isfalse.o)
__data_end                                        c:/winavr/bin/../lib/gcc/avr/4.3.2/avr4\libgcc.a(_copy_data.o)
__data_load_start                                 c:/winavr/bin/../lib/gcc/avr/4.3.2/avr4\libgcc.a(_copy_data.o)
__data_start                                      c:/winavr/bin/../lib/gcc/avr/4.3.2/avr4\libgcc.a(_copy_data.o)
__divmodqi4                                       c:/winavr/bin/../lib/gcc/avr/4.3.2/avr4\libgcc.a(_divmodqi4.o)
                                                  ssc_main.o
__do_clear_bss                                    c:/winavr/bin/../lib/gcc/avr/4.3.2/avr4\libgcc.a(_clear_bss.o)
                                                  c:/winavr/bin/../lib/gcc/avr/4.3.2/../../../../avr/lib/avr4\libc.a(iob.o)
                                                  ssc_main.o
__do_copy_data                                    c:/winavr/bin/../lib/gcc/avr/4.3.2/avr4\libgcc.a(_copy_data.o)
                                                  ssc_main.o
__epilogue_restores__                             c:/winavr/bin/../lib/gcc/avr/4.3.2/avr4\libgcc.a(_epilogue.o)
                                                  c:/winavr/bin/../lib/gcc/avr/4.3.2/../../../../avr/lib/avr4\libc.a(vfscanf_std.o)
                                                  c:/winavr/bin/../lib/gcc/avr/4.3.2/../../../../avr/lib/avr4\libc.a(vfprintf_std.o)
                                                  c:/winavr/bin/../lib/gcc/avr/4.3.2/../../../../avr/lib/avr4\libc.a(sscanf.o)
                                                  c:/winavr/bin/../lib/gcc/avr/4.3.2/../../../../avr/lib/avr4\libc.a(printf_p.o)
                                                  c:/winavr/bin/../lib/gcc/avr/4.3.2/../../../../avr/lib/avr4\libc.a(printf.o)
__heap_end                                        c:/winavr/bin/../lib/gcc/avr/4.3.2/../../../../avr/lib/avr4/crtm8.o
__init                                            c:/winavr/bin/../lib/gcc/avr/4.3.2/../../../../avr/lib/avr4/crtm8.o
__iob                                             c:/winavr/bin/../lib/gcc/avr/4.3.2/../../../../avr/lib/avr4\libc.a(puts.o)
                                                  c:/winavr/bin/../lib/gcc/avr/4.3.2/../../../../avr/lib/avr4\libc.a(printf_p.o)
                                                  c:/winavr/bin/../lib/gcc/avr/4.3.2/../../../../avr/lib/avr4\libc.a(printf.o)
                                                  c:/winavr/bin/../lib/gcc/avr/4.3.2/../../../../avr/lib/avr4\libc.a(iob.o)
                                                  ssc_main.o
__mulhi_const_10                                  c:/winavr/bin/../lib/gcc/avr/4.3.2/../../../../avr/lib/avr4\libc.a(mul10.o)
                                                  c:/winavr/bin/../lib/gcc/avr/4.3.2/../../../../avr/lib/avr4\libc.a(atoi.o)
__mulsi_const_10                                  c:/winavr/bin/../lib/gcc/avr/4.3.2/../../../../avr/lib/avr4\libc.a(mulsi10.o)
                                                  c:/winavr/bin/../lib/gcc/avr/4.3.2/../../../../avr/lib/avr4\libc.a(atol.o)
__prologue_saves__                                c:/winavr/bin/../lib/gcc/avr/4.3.2/avr4\libgcc.a(_prologue.o)
                                                  c:/winavr/bin/../lib/gcc/avr/4.3.2/../../../../avr/lib/avr4\libc.a(vfscanf_std.o)
                                                  c:/winavr/bin/../lib/gcc/avr/4.3.2/../../../../avr/lib/avr4\libc.a(vfprintf_std.o)
                                                  c:/winavr/bin/../lib/gcc/avr/4.3.2/../../../../avr/lib/avr4\libc.a(sscanf.o)
                                                  c:/winavr/bin/../lib/gcc/avr/4.3.2/../../../../avr/lib/avr4\libc.a(printf_p.o)
                                                  c:/winavr/bin/../lib/gcc/avr/4.3.2/../../../../avr/lib/avr4\libc.a(printf.o)
__stack                                           c:/winavr/bin/../lib/gcc/avr/4.3.2/../../../../avr/lib/avr4/crtm8.o
__udivmodhi4                                      c:/winavr/bin/../lib/gcc/avr/4.3.2/avr4\libgcc.a(_udivmodhi4.o)
                                                  avr_math.o
__udivmodqi4                                      c:/winavr/bin/../lib/gcc/avr/4.3.2/avr4\libgcc.a(_udivmodqi4.o)
                                                  c:/winavr/bin/../lib/gcc/avr/4.3.2/avr4\libgcc.a(_divmodqi4.o)
__ultoa_invert                                    c:/winavr/bin/../lib/gcc/avr/4.3.2/../../../../avr/lib/avr4\libc.a(ultoa_invert.o)
                                                  c:/winavr/bin/../lib/gcc/avr/4.3.2/../../../../avr/lib/avr4\libc.a(vfprintf_std.o)
__vector_1                                        c:/winavr/bin/../lib/gcc/avr/4.3.2/../../../../avr/lib/avr4/crtm8.o
__vector_10                                       c:/winavr/bin/../lib/gcc/avr/4.3.2/../../../../avr/lib/avr4/crtm8.o
__vector_11                                       c:/winavr/bin/../lib/gcc/avr/4.3.2/../../../../avr/lib/avr4/crtm8.o
__vector_12                                       c:/winavr/bin/../lib/gcc/avr/4.3.2/../../../../avr/lib/avr4/crtm8.o
__vector_13                                       c:/winavr/bin/../lib/gcc/avr/4.3.2/../../../../avr/lib/avr4/crtm8.o
__vector_14                                       c:/winavr/bin/../lib/gcc/avr/4.3.2/../../../../avr/lib/avr4/crtm8.o
__vector_15                                       c:/winavr/bin/../lib/gcc/avr/4.3.2/../../../../avr/lib/avr4/crtm8.o
__vector_16                                       c:/winavr/bin/../lib/gcc/avr/4.3.2/../../../../avr/lib/avr4/crtm8.o
__vector_17                                       c:/winavr/bin/../lib/gcc/avr/4.3.2/../../../../avr/lib/avr4/crtm8.o
__vector_18                                       c:/winavr/bin/../lib/gcc/avr/4.3.2/../../../../avr/lib/avr4/crtm8.o
__vector_2                                        c:/winavr/bin/../lib/gcc/avr/4.3.2/../../../../avr/lib/avr4/crtm8.o
__vector_3                                        c:/winavr/bin/../lib/gcc/avr/4.3.2/../../../../avr/lib/avr4/crtm8.o
__vector_4                                        c:/winavr/bin/../lib/gcc/avr/4.3.2/../../../../avr/lib/avr4/crtm8.o
__vector_5                                        c:/winavr/bin/../lib/gcc/avr/4.3.2/../../../../avr/lib/avr4/crtm8.o
__vector_6                                        c:/winavr/bin/../lib/gcc/avr/4.3.2/../../../../avr/lib/avr4/crtm8.o
__vector_7                                        c:/winavr/bin/../lib/gcc/avr/4.3.2/../../../../avr/lib/avr4/crtm8.o
__vector_8                                        ssc_main.o
                                                  c:/winavr/bin/../lib/gcc/avr/4.3.2/../../../../avr/lib/avr4/crtm8.o
__vector_9                                        ssc_main.o
                                                  c:/winavr/bin/../lib/gcc/avr/4.3.2/../../../../avr/lib/avr4/crtm8.o
__vector_default                                  c:/winavr/bin/../lib/gcc/avr/4.3.2/../../../../avr/lib/avr4/crtm8.o
__vectors                                         c:/winavr/bin/../lib/gcc/avr/4.3.2/../../../../avr/lib/avr4/crtm8.o
_exit                                             c:/winavr/bin/../lib/gcc/avr/4.3.2/avr4\libgcc.a(_exit.o)
atoi                                              c:/winavr/bin/../lib/gcc/avr/4.3.2/../../../../avr/lib/avr4\libc.a(atoi.o)
                                                  ssc_main.o
atol                                              c:/winavr/bin/../lib/gcc/avr/4.3.2/../../../../avr/lib/avr4\libc.a(atol.o)
                                                  ssc_main.o
avr_cy2239x_init                                  avr_twi.o
avr_cy2239x_read_buffer                           avr_twi.o
                                                  ssc_main.o
avr_cy2239x_write_buffer                          avr_twi.o
                                                  ssc_main.o
avr_math_maverage                                 avr_math.o
avr_uart_getc                                     avr_uart.o
                                                  ssc_main.o
avr_uart_getchar                                  avr_uart.o
                                                  ssc_main.o
avr_uart_init                                     avr_uart.o
                                                  ssc_main.o
avr_uart_putc                                     avr_uart.o
avr_uart_putchar                                  avr_uart.o
                                                  ssc_main.o
exit                                              c:/winavr/bin/../lib/gcc/avr/4.3.2/avr4\libgcc.a(_exit.o)
                                                  c:/winavr/bin/../lib/gcc/avr/4.3.2/../../../../avr/lib/avr4/crtm8.o
fgetc                                             c:/winavr/bin/../lib/gcc/avr/4.3.2/../../../../avr/lib/avr4\libc.a(fgetc.o)
                                                  c:/winavr/bin/../lib/gcc/avr/4.3.2/../../../../avr/lib/avr4\libc.a(vfscanf_std.o)
fputc                                             c:/winavr/bin/../lib/gcc/avr/4.3.2/../../../../avr/lib/avr4\libc.a(fputc.o)
                                                  c:/winavr/bin/../lib/gcc/avr/4.3.2/../../../../avr/lib/avr4\libc.a(vfprintf_std.o)
g_eprom_auto_run                                  ssc_main.o
g_eprom_baud_ubrr                                 ssc_main.o
isspace                                           c:/winavr/bin/../lib/gcc/avr/4.3.2/../../../../avr/lib/avr4\libc.a(isspace.o)
                                                  c:/winavr/bin/../lib/gcc/avr/4.3.2/../../../../avr/lib/avr4\libc.a(vfscanf_std.o)
main                                              ssc_main.o
                                                  c:/winavr/bin/../lib/gcc/avr/4.3.2/../../../../avr/lib/avr4/crtm8.o
memcpy                                            c:/winavr/bin/../lib/gcc/avr/4.3.2/../../../../avr/lib/avr4\libc.a(memcpy.o)
                                                  ssc_main.o
memset                                            c:/winavr/bin/../lib/gcc/avr/4.3.2/../../../../avr/lib/avr4\libc.a(memset.o)
                                                  ssc_main.o
mystdout                                          ssc_main.o
printf                                            c:/winavr/bin/../lib/gcc/avr/4.3.2/../../../../avr/lib/avr4\libc.a(printf.o)
                                                  ssc_main.o
printf_P                                          c:/winavr/bin/../lib/gcc/avr/4.3.2/../../../../avr/lib/avr4\libc.a(printf_p.o)
                                                  ssc_main.o
puts                                              c:/winavr/bin/../lib/gcc/avr/4.3.2/../../../../avr/lib/avr4\libc.a(puts.o)
                                                  ssc_main.o
reset                                             ssc_main.o
rtcmd_main_handle                                 ssc_main.o
sscanf                                            c:/winavr/bin/../lib/gcc/avr/4.3.2/../../../../avr/lib/avr4\libc.a(sscanf.o)
                                                  ssc_main.o
strchr_P                                          c:/winavr/bin/../lib/gcc/avr/4.3.2/../../../../avr/lib/avr4\libc.a(strchr_P.o)
                                                  c:/winavr/bin/../lib/gcc/avr/4.3.2/../../../../avr/lib/avr4\libc.a(vfscanf_std.o)
strcmp                                            c:/winavr/bin/../lib/gcc/avr/4.3.2/../../../../avr/lib/avr4\libc.a(strcmp.o)
                                                  ssc_main.o
strnlen                                           c:/winavr/bin/../lib/gcc/avr/4.3.2/../../../../avr/lib/avr4\libc.a(strnlen.o)
                                                  c:/winavr/bin/../lib/gcc/avr/4.3.2/../../../../avr/lib/avr4\libc.a(vfprintf_std.o)
strnlen_P                                         c:/winavr/bin/../lib/gcc/avr/4.3.2/../../../../avr/lib/avr4\libc.a(strnlen_P.o)
                                                  c:/winavr/bin/../lib/gcc/avr/4.3.2/../../../../avr/lib/avr4\libc.a(vfprintf_std.o)
ungetc                                            c:/winavr/bin/../lib/gcc/avr/4.3.2/../../../../avr/lib/avr4\libc.a(ungetc.o)
                                                  c:/winavr/bin/../lib/gcc/avr/4.3.2/../../../../avr/lib/avr4\libc.a(vfscanf_std.o)
vfprintf                                          c:/winavr/bin/../lib/gcc/avr/4.3.2/../../../../avr/lib/avr4\libc.a(vfprintf_std.o)
                                                  c:/winavr/bin/../lib/gcc/avr/4.3.2/../../../../avr/lib/avr4\libc.a(printf_p.o)
                                                  c:/winavr/bin/../lib/gcc/avr/4.3.2/../../../../avr/lib/avr4\libc.a(printf.o)
vfscanf                                           c:/winavr/bin/../lib/gcc/avr/4.3.2/../../../../avr/lib/avr4\libc.a(vfscanf_std.o)
                                                  c:/winavr/bin/../lib/gcc/avr/4.3.2/../../../../avr/lib/avr4\libc.a(sscanf.o)
